stm32f4xx_hal_nand.c:176:20:HAL_NAND_Init	24	static
stm32f4xx_hal_nand.c:228:19:HAL_NAND_DeInit	16	static
stm32f4xx_hal_nand.c:261:13:HAL_NAND_MspInit	16	static
stm32f4xx_hal_nand.c:276:13:HAL_NAND_MspDeInit	16	static
stm32f4xx_hal_nand.c:292:6:HAL_NAND_IRQHandler	16	static
stm32f4xx_hal_nand.c:357:13:HAL_NAND_ITCallback	16	static
stm32f4xx_hal_nand.c:392:19:HAL_NAND_Read_ID	32	static
stm32f4xx_hal_nand.c:466:19:HAL_NAND_Reset	24	static
stm32f4xx_hal_nand.c:513:20:HAL_NAND_ConfigDevice	16	static
stm32f4xx_hal_nand.c:535:19:HAL_NAND_Read_Page_8b	48	static,ignoring_inline_asm
stm32f4xx_hal_nand.c:667:19:HAL_NAND_Read_Page_16b	48	static,ignoring_inline_asm
stm32f4xx_hal_nand.c:798:19:HAL_NAND_Write_Page_8b	48	static,ignoring_inline_asm
stm32f4xx_hal_nand.c:926:19:HAL_NAND_Write_Page_16b	48	static,ignoring_inline_asm
stm32f4xx_hal_nand.c:1053:19:HAL_NAND_Read_SpareArea_8b	56	static
stm32f4xx_hal_nand.c:1189:19:HAL_NAND_Read_SpareArea_16b	56	static
stm32f4xx_hal_nand.c:1325:19:HAL_NAND_Write_SpareArea_8b	56	static
stm32f4xx_hal_nand.c:1457:19:HAL_NAND_Write_SpareArea_16b	56	static
stm32f4xx_hal_nand.c:1587:19:HAL_NAND_Erase_Block	24	static
stm32f4xx_hal_nand.c:1653:10:HAL_NAND_Read_Status	24	static
stm32f4xx_hal_nand.c:1696:10:HAL_NAND_Address_Inc	24	static
stm32f4xx_hal_nand.c:1886:20:HAL_NAND_ECC_Enable	16	static
stm32f4xx_hal_nand.c:1912:20:HAL_NAND_ECC_Disable	16	static
stm32f4xx_hal_nand.c:1940:20:HAL_NAND_GetECC	32	static
stm32f4xx_hal_nand.c:1988:23:HAL_NAND_GetState	16	static
