Archive member included to satisfy reference by file (symbol)

c:/st/stm32cubeide_1.1.0/stm32cubeide/plugins/com.st.stm32cube.ide.mcu.externaltools.gnu-tools-for-stm32.7-2018-q2-update.win32_1.0.0.201904181610/tools/bin/../lib/gcc/arm-none-eabi/7.3.1/../../../../arm-none-eabi/lib/thumb/v7e-m/fpv4-sp/hard\libc_nano.a(lib_a-errno.o)
                              Core/Src/syscalls.o (__errno)
c:/st/stm32cubeide_1.1.0/stm32cubeide/plugins/com.st.stm32cube.ide.mcu.externaltools.gnu-tools-for-stm32.7-2018-q2-update.win32_1.0.0.201904181610/tools/bin/../lib/gcc/arm-none-eabi/7.3.1/../../../../arm-none-eabi/lib/thumb/v7e-m/fpv4-sp/hard\libc_nano.a(lib_a-exit.o)
                              c:/st/stm32cubeide_1.1.0/stm32cubeide/plugins/com.st.stm32cube.ide.mcu.externaltools.gnu-tools-for-stm32.7-2018-q2-update.win32_1.0.0.201904181610/tools/bin/../lib/gcc/arm-none-eabi/7.3.1/../../../../arm-none-eabi/lib/thumb/v7e-m/fpv4-sp/hard/crt0.o (exit)
c:/st/stm32cubeide_1.1.0/stm32cubeide/plugins/com.st.stm32cube.ide.mcu.externaltools.gnu-tools-for-stm32.7-2018-q2-update.win32_1.0.0.201904181610/tools/bin/../lib/gcc/arm-none-eabi/7.3.1/../../../../arm-none-eabi/lib/thumb/v7e-m/fpv4-sp/hard\libc_nano.a(lib_a-impure.o)
                              c:/st/stm32cubeide_1.1.0/stm32cubeide/plugins/com.st.stm32cube.ide.mcu.externaltools.gnu-tools-for-stm32.7-2018-q2-update.win32_1.0.0.201904181610/tools/bin/../lib/gcc/arm-none-eabi/7.3.1/../../../../arm-none-eabi/lib/thumb/v7e-m/fpv4-sp/hard\libc_nano.a(lib_a-exit.o) (_global_impure_ptr)
c:/st/stm32cubeide_1.1.0/stm32cubeide/plugins/com.st.stm32cube.ide.mcu.externaltools.gnu-tools-for-stm32.7-2018-q2-update.win32_1.0.0.201904181610/tools/bin/../lib/gcc/arm-none-eabi/7.3.1/../../../../arm-none-eabi/lib/thumb/v7e-m/fpv4-sp/hard\libc_nano.a(lib_a-init.o)
                              c:/st/stm32cubeide_1.1.0/stm32cubeide/plugins/com.st.stm32cube.ide.mcu.externaltools.gnu-tools-for-stm32.7-2018-q2-update.win32_1.0.0.201904181610/tools/bin/../lib/gcc/arm-none-eabi/7.3.1/../../../../arm-none-eabi/lib/thumb/v7e-m/fpv4-sp/hard/crt0.o (__libc_init_array)
c:/st/stm32cubeide_1.1.0/stm32cubeide/plugins/com.st.stm32cube.ide.mcu.externaltools.gnu-tools-for-stm32.7-2018-q2-update.win32_1.0.0.201904181610/tools/bin/../lib/gcc/arm-none-eabi/7.3.1/../../../../arm-none-eabi/lib/thumb/v7e-m/fpv4-sp/hard\libc_nano.a(lib_a-memset.o)
                              c:/st/stm32cubeide_1.1.0/stm32cubeide/plugins/com.st.stm32cube.ide.mcu.externaltools.gnu-tools-for-stm32.7-2018-q2-update.win32_1.0.0.201904181610/tools/bin/../lib/gcc/arm-none-eabi/7.3.1/../../../../arm-none-eabi/lib/thumb/v7e-m/fpv4-sp/hard/crt0.o (memset)
c:/st/stm32cubeide_1.1.0/stm32cubeide/plugins/com.st.stm32cube.ide.mcu.externaltools.gnu-tools-for-stm32.7-2018-q2-update.win32_1.0.0.201904181610/tools/bin/../lib/gcc/arm-none-eabi/7.3.1/../../../../arm-none-eabi/lib/thumb/v7e-m/fpv4-sp/hard\libc_nano.a(lib_a-strlen.o)
                              Core/Src/main.o (strlen)
c:/st/stm32cubeide_1.1.0/stm32cubeide/plugins/com.st.stm32cube.ide.mcu.externaltools.gnu-tools-for-stm32.7-2018-q2-update.win32_1.0.0.201904181610/tools/bin/../lib/gcc/arm-none-eabi/7.3.1/thumb/v7e-m/fpv4-sp/hard\libgcc.a(_aeabi_uldivmod.o)
                              Drivers/STM32F4xx_HAL_Driver/Src/stm32f4xx_hal_rcc.o (__aeabi_uldivmod)
c:/st/stm32cubeide_1.1.0/stm32cubeide/plugins/com.st.stm32cube.ide.mcu.externaltools.gnu-tools-for-stm32.7-2018-q2-update.win32_1.0.0.201904181610/tools/bin/../lib/gcc/arm-none-eabi/7.3.1/thumb/v7e-m/fpv4-sp/hard\libgcc.a(_udivmoddi4.o)
                              c:/st/stm32cubeide_1.1.0/stm32cubeide/plugins/com.st.stm32cube.ide.mcu.externaltools.gnu-tools-for-stm32.7-2018-q2-update.win32_1.0.0.201904181610/tools/bin/../lib/gcc/arm-none-eabi/7.3.1/thumb/v7e-m/fpv4-sp/hard\libgcc.a(_aeabi_uldivmod.o) (__udivmoddi4)
c:/st/stm32cubeide_1.1.0/stm32cubeide/plugins/com.st.stm32cube.ide.mcu.externaltools.gnu-tools-for-stm32.7-2018-q2-update.win32_1.0.0.201904181610/tools/bin/../lib/gcc/arm-none-eabi/7.3.1/thumb/v7e-m/fpv4-sp/hard\libgcc.a(_dvmd_tls.o)
                              c:/st/stm32cubeide_1.1.0/stm32cubeide/plugins/com.st.stm32cube.ide.mcu.externaltools.gnu-tools-for-stm32.7-2018-q2-update.win32_1.0.0.201904181610/tools/bin/../lib/gcc/arm-none-eabi/7.3.1/thumb/v7e-m/fpv4-sp/hard\libgcc.a(_aeabi_uldivmod.o) (__aeabi_ldiv0)

Allocating common symbols
Common symbol       size              file

uwTick              0x4               Drivers/STM32F4xx_HAL_Driver/Src/stm32f4xx_hal.o
pFlash              0x20              Drivers/STM32F4xx_HAL_Driver/Src/stm32f4xx_hal_flash.o
hnand1              0x40              Core/Src/main.o

Discarded input sections

 .text          0x0000000000000000        0x0 c:/st/stm32cubeide_1.1.0/stm32cubeide/plugins/com.st.stm32cube.ide.mcu.externaltools.gnu-tools-for-stm32.7-2018-q2-update.win32_1.0.0.201904181610/tools/bin/../lib/gcc/arm-none-eabi/7.3.1/thumb/v7e-m/fpv4-sp/hard/crti.o
[...]
Memory Configuration

Name             Origin             Length             Attributes
CCMRAM           0x0000000010000000 0x0000000000010000 xrw
RAM              0x0000000020000000 0x0000000000030000 xrw
FLASH            0x0000000008000000 0x0000000000200000 xr
*default*        0x0000000000000000 0xffffffffffffffff

Linker script and memory map

LOAD c:/st/stm32cubeide_1.1.0/stm32cubeide/plugins/com.st.stm32cube.ide.mcu.externaltools.gnu-tools-for-stm32.7-2018-q2-update.win32_1.0.0.201904181610/tools/bin/../lib/gcc/arm-none-eabi/7.3.1/thumb/v7e-m/fpv4-sp/hard/crti.o
LOAD c:/st/stm32cubeide_1.1.0/stm32cubeide/plugins/com.st.stm32cube.ide.mcu.externaltools.gnu-tools-for-stm32.7-2018-q2-update.win32_1.0.0.201904181610/tools/bin/../lib/gcc/arm-none-eabi/7.3.1/thumb/v7e-m/fpv4-sp/hard/crtbegin.o
LOAD c:/st/stm32cubeide_1.1.0/stm32cubeide/plugins/com.st.stm32cube.ide.mcu.externaltools.gnu-tools-for-stm32.7-2018-q2-update.win32_1.0.0.201904181610/tools/bin/../lib/gcc/arm-none-eabi/7.3.1/../../../../arm-none-eabi/lib/thumb/v7e-m/fpv4-sp/hard/crt0.o
LOAD Core/Src/main.o
LOAD Core/Src/stm32f4xx_hal_msp.o
LOAD Core/Src/stm32f4xx_it.o
LOAD Core/Src/syscalls.o
LOAD Core/Src/sysmem.o
LOAD Core/Src/system_stm32f4xx.o
LOAD Core/Startup/startup_stm32f429zitx.o
LOAD Drivers/STM32F4xx_HAL_Driver/Src/stm32f4xx_hal.o
LOAD Drivers/STM32F4xx_HAL_Driver/Src/stm32f4xx_hal_cortex.o
LOAD Drivers/STM32F4xx_HAL_Driver/Src/stm32f4xx_hal_dma.o
LOAD Drivers/STM32F4xx_HAL_Driver/Src/stm32f4xx_hal_dma_ex.o
LOAD Drivers/STM32F4xx_HAL_Driver/Src/stm32f4xx_hal_exti.o
LOAD Drivers/STM32F4xx_HAL_Driver/Src/stm32f4xx_hal_flash.o
LOAD Drivers/STM32F4xx_HAL_Driver/Src/stm32f4xx_hal_flash_ex.o
LOAD Drivers/STM32F4xx_HAL_Driver/Src/stm32f4xx_hal_flash_ramfunc.o
LOAD Drivers/STM32F4xx_HAL_Driver/Src/stm32f4xx_hal_gpio.o
LOAD Drivers/STM32F4xx_HAL_Driver/Src/stm32f4xx_hal_nand.o
LOAD Drivers/STM32F4xx_HAL_Driver/Src/stm32f4xx_hal_pwr.o
LOAD Drivers/STM32F4xx_HAL_Driver/Src/stm32f4xx_hal_pwr_ex.o
LOAD Drivers/STM32F4xx_HAL_Driver/Src/stm32f4xx_hal_rcc.o
LOAD Drivers/STM32F4xx_HAL_Driver/Src/stm32f4xx_hal_rcc_ex.o
LOAD Drivers/STM32F4xx_HAL_Driver/Src/stm32f4xx_hal_tim.o
LOAD Drivers/STM32F4xx_HAL_Driver/Src/stm32f4xx_hal_tim_ex.o
LOAD Drivers/STM32F4xx_HAL_Driver/Src/stm32f4xx_hal_uart.o
LOAD Drivers/STM32F4xx_HAL_Driver/Src/stm32f4xx_ll_fmc.o
START GROUP
LOAD c:/st/stm32cubeide_1.1.0/stm32cubeide/plugins/com.st.stm32cube.ide.mcu.externaltools.gnu-tools-for-stm32.7-2018-q2-update.win32_1.0.0.201904181610/tools/bin/../lib/gcc/arm-none-eabi/7.3.1/../../../../arm-none-eabi/lib/thumb/v7e-m/fpv4-sp/hard\libc_nano.a
LOAD c:/st/stm32cubeide_1.1.0/stm32cubeide/plugins/com.st.stm32cube.ide.mcu.externaltools.gnu-tools-for-stm32.7-2018-q2-update.win32_1.0.0.201904181610/tools/bin/../lib/gcc/arm-none-eabi/7.3.1/../../../../arm-none-eabi/lib/thumb/v7e-m/fpv4-sp/hard\libm.a
END GROUP
START GROUP
LOAD c:/st/stm32cubeide_1.1.0/stm32cubeide/plugins/com.st.stm32cube.ide.mcu.externaltools.gnu-tools-for-stm32.7-2018-q2-update.win32_1.0.0.201904181610/tools/bin/../lib/gcc/arm-none-eabi/7.3.1/thumb/v7e-m/fpv4-sp/hard\libgcc.a
LOAD c:/st/stm32cubeide_1.1.0/stm32cubeide/plugins/com.st.stm32cube.ide.mcu.externaltools.gnu-tools-for-stm32.7-2018-q2-update.win32_1.0.0.201904181610/tools/bin/../lib/gcc/arm-none-eabi/7.3.1/../../../../arm-none-eabi/lib/thumb/v7e-m/fpv4-sp/hard\libc_nano.a
END GROUP
START GROUP
LOAD c:/st/stm32cubeide_1.1.0/stm32cubeide/plugins/com.st.stm32cube.ide.mcu.externaltools.gnu-tools-for-stm32.7-2018-q2-update.win32_1.0.0.201904181610/tools/bin/../lib/gcc/arm-none-eabi/7.3.1/thumb/v7e-m/fpv4-sp/hard\libgcc.a
LOAD c:/st/stm32cubeide_1.1.0/stm32cubeide/plugins/com.st.stm32cube.ide.mcu.externaltools.gnu-tools-for-stm32.7-2018-q2-update.win32_1.0.0.201904181610/tools/bin/../lib/gcc/arm-none-eabi/7.3.1/../../../../arm-none-eabi/lib/thumb/v7e-m/fpv4-sp/hard\libc_nano.a
LOAD c:/st/stm32cubeide_1.1.0/stm32cubeide/plugins/com.st.stm32cube.ide.mcu.externaltools.gnu-tools-for-stm32.7-2018-q2-update.win32_1.0.0.201904181610/tools/bin/../lib/gcc/arm-none-eabi/7.3.1/../../../../arm-none-eabi/lib/thumb/v7e-m/fpv4-sp/hard\libnosys.a
END GROUP
START GROUP
LOAD c:/st/stm32cubeide_1.1.0/stm32cubeide/plugins/com.st.stm32cube.ide.mcu.externaltools.gnu-tools-for-stm32.7-2018-q2-update.win32_1.0.0.201904181610/tools/bin/../lib/gcc/arm-none-eabi/7.3.1/thumb/v7e-m/fpv4-sp/hard\libgcc.a
LOAD c:/st/stm32cubeide_1.1.0/stm32cubeide/plugins/com.st.stm32cube.ide.mcu.externaltools.gnu-tools-for-stm32.7-2018-q2-update.win32_1.0.0.201904181610/tools/bin/../lib/gcc/arm-none-eabi/7.3.1/../../../../arm-none-eabi/lib/thumb/v7e-m/fpv4-sp/hard\libc_nano.a
LOAD c:/st/stm32cubeide_1.1.0/stm32cubeide/plugins/com.st.stm32cube.ide.mcu.externaltools.gnu-tools-for-stm32.7-2018-q2-update.win32_1.0.0.201904181610/tools/bin/../lib/gcc/arm-none-eabi/7.3.1/../../../../arm-none-eabi/lib/thumb/v7e-m/fpv4-sp/hard\libnosys.a
END GROUP
LOAD c:/st/stm32cubeide_1.1.0/stm32cubeide/plugins/com.st.stm32cube.ide.mcu.externaltools.gnu-tools-for-stm32.7-2018-q2-update.win32_1.0.0.201904181610/tools/bin/../lib/gcc/arm-none-eabi/7.3.1/thumb/v7e-m/fpv4-sp/hard/crtend.o
LOAD c:/st/stm32cubeide_1.1.0/stm32cubeide/plugins/com.st.stm32cube.ide.mcu.externaltools.gnu-tools-for-stm32.7-2018-q2-update.win32_1.0.0.201904181610/tools/bin/../lib/gcc/arm-none-eabi/7.3.1/thumb/v7e-m/fpv4-sp/hard/crtn.o
                0x0000000020030000                _estack = (ORIGIN (RAM) + LENGTH (RAM))
                0x0000000000000200                _Min_Heap_Size = 0x200
                0x0000000000000400                _Min_Stack_Size = 0x400

.isr_vector     0x0000000008000000      0x1ac
                0x0000000008000000                . = ALIGN (0x4)
 *(.isr_vector)
 .isr_vector    0x0000000008000000      0x1ac Core/Startup/startup_stm32f429zitx.o
                0x0000000008000000                g_pfnVectors
                0x00000000080001ac                . = ALIGN (0x4)

.text           0x00000000080001ac     0x29a4
                0x00000000080001ac                . = ALIGN (0x4)
 *(.text)
 .text          0x00000000080001ac       0x40 c:/st/stm32cubeide_1.1.0/stm32cubeide/plugins/com.st.stm32cube.ide.mcu.externaltools.gnu-tools-for-stm32.7-2018-q2-update.win32_1.0.0.201904181610/tools/bin/../lib/gcc/arm-none-eabi/7.3.1/thumb/v7e-m/fpv4-sp/hard/crtbegin.o
 .text          0x00000000080001ec       0x10 c:/st/stm32cubeide_1.1.0/stm32cubeide/plugins/com.st.stm32cube.ide.mcu.externaltools.gnu-tools-for-stm32.7-2018-q2-update.win32_1.0.0.201904181610/tools/bin/../lib/gcc/arm-none-eabi/7.3.1/../../../../arm-none-eabi/lib/thumb/v7e-m/fpv4-sp/hard\libc_nano.a(lib_a-strlen.o)
                0x00000000080001ec                strlen
 .text          0x00000000080001fc       0x30 c:/st/stm32cubeide_1.1.0/stm32cubeide/plugins/com.st.stm32cube.ide.mcu.externaltools.gnu-tools-for-stm32.7-2018-q2-update.win32_1.0.0.201904181610/tools/bin/../lib/gcc/arm-none-eabi/7.3.1/thumb/v7e-m/fpv4-sp/hard\libgcc.a(_aeabi_uldivmod.o)
                0x00000000080001fc                __aeabi_uldivmod
 .text          0x000000000800022c      0x2cc c:/st/stm32cubeide_1.1.0/stm32cubeide/plugins/com.st.stm32cube.ide.mcu.externaltools.gnu-tools-for-stm32.7-2018-q2-update.win32_1.0.0.201904181610/tools/bin/../lib/gcc/arm-none-eabi/7.3.1/thumb/v7e-m/fpv4-sp/hard\libgcc.a(_udivmoddi4.o)
                0x000000000800022c                __udivmoddi4
 .text          0x00000000080004f8        0x4 c:/st/stm32cubeide_1.1.0/stm32cubeide/plugins/com.st.stm32cube.ide.mcu.externaltools.gnu-tools-for-stm32.7-2018-q2-update.win32_1.0.0.201904181610/tools/bin/../lib/gcc/arm-none-eabi/7.3.1/thumb/v7e-m/fpv4-sp/hard\libgcc.a(_dvmd_tls.o)
                0x00000000080004f8                __aeabi_idiv0
                0x00000000080004f8                __aeabi_ldiv0
 *(.text*)
 .text.NandControllerInitAndTest
                0x00000000080004fc      0x2c8 Core/Src/main.o
                0x00000000080004fc                NandControllerInitAndTest
 .text.main     0x00000000080007c4       0x1e Core/Src/main.o
                0x00000000080007c4                main
 *fill*         0x00000000080007e2        0x2 
 .text.SystemClock_Config
                0x00000000080007e4       0xc0 Core/Src/main.o
                0x00000000080007e4                SystemClock_Config
 .text.MX_USART1_UART_Init
                0x00000000080008a4       0x54 Core/Src/main.o
 .text.MX_FMC_Init
                0x00000000080008f8       0xc4 Core/Src/main.o
 .text.MX_GPIO_Init
                0x00000000080009bc       0x6c Core/Src/main.o
 .text.Error_Handler
                0x0000000008000a28        0xe Core/Src/main.o
                0x0000000008000a28                Error_Handler
 *fill*         0x0000000008000a36        0x2 
 .text.HAL_MspInit
                0x0000000008000a38       0x50 Core/Src/stm32f4xx_hal_msp.o
                0x0000000008000a38                HAL_MspInit
 .text.HAL_UART_MspInit
                0x0000000008000a88       0x90 Core/Src/stm32f4xx_hal_msp.o
                0x0000000008000a88                HAL_UART_MspInit
 .text.HAL_FMC_MspInit
                0x0000000008000b18       0x98 Core/Src/stm32f4xx_hal_msp.o
 .text.HAL_NAND_MspInit
                0x0000000008000bb0       0x14 Core/Src/stm32f4xx_hal_msp.o
                0x0000000008000bb0                HAL_NAND_MspInit
 .text.NMI_Handler
                0x0000000008000bc4        0xe Core/Src/stm32f4xx_it.o
                0x0000000008000bc4                NMI_Handler
 .text.HardFault_Handler
                0x0000000008000bd2        0x6 Core/Src/stm32f4xx_it.o
                0x0000000008000bd2                HardFault_Handler
 .text.MemManage_Handler
                0x0000000008000bd8        0x6 Core/Src/stm32f4xx_it.o
                0x0000000008000bd8                MemManage_Handler
 .text.BusFault_Handler
                0x0000000008000bde        0x6 Core/Src/stm32f4xx_it.o
                0x0000000008000bde                BusFault_Handler
 .text.UsageFault_Handler
                0x0000000008000be4        0x6 Core/Src/stm32f4xx_it.o
                0x0000000008000be4                UsageFault_Handler
 .text.SVC_Handler
                0x0000000008000bea        0xe Core/Src/stm32f4xx_it.o
                0x0000000008000bea                SVC_Handler
 .text.DebugMon_Handler
                0x0000000008000bf8        0xe Core/Src/stm32f4xx_it.o
                0x0000000008000bf8                DebugMon_Handler
 .text.PendSV_Handler
                0x0000000008000c06        0xe Core/Src/stm32f4xx_it.o
                0x0000000008000c06                PendSV_Handler
 .text.SysTick_Handler
                0x0000000008000c14        0xc Core/Src/stm32f4xx_it.o
                0x0000000008000c14                SysTick_Handler
 .text.SystemInit
                0x0000000008000c20       0x6c Core/Src/system_stm32f4xx.o
                0x0000000008000c20                SystemInit
 .text.Reset_Handler
                0x0000000008000c8c       0x50 Core/Startup/startup_stm32f429zitx.o
                0x0000000008000c8c                Reset_Handler
 .text.Default_Handler
                0x0000000008000cdc        0x2 Core/Startup/startup_stm32f429zitx.o
                0x0000000008000cdc                RTC_Alarm_IRQHandler
                0x0000000008000cdc                HASH_RNG_IRQHandler
                0x0000000008000cdc                EXTI2_IRQHandler
                0x0000000008000cdc                TIM8_CC_IRQHandler
                0x0000000008000cdc                UART8_IRQHandler
                0x0000000008000cdc                SPI4_IRQHandler
                0x0000000008000cdc                TIM1_CC_IRQHandler
                0x0000000008000cdc                DMA2_Stream5_IRQHandler
                0x0000000008000cdc                DMA1_Stream5_IRQHandler
                0x0000000008000cdc                PVD_IRQHandler
                0x0000000008000cdc                SDIO_IRQHandler
                0x0000000008000cdc                TAMP_STAMP_IRQHandler
                0x0000000008000cdc                CAN2_RX1_IRQHandler
                0x0000000008000cdc                EXTI3_IRQHandler
                0x0000000008000cdc                TIM8_TRG_COM_TIM14_IRQHandler
                0x0000000008000cdc                TIM1_UP_TIM10_IRQHandler
                0x0000000008000cdc                TIM8_UP_TIM13_IRQHandler
                0x0000000008000cdc                I2C3_ER_IRQHandler
                0x0000000008000cdc                EXTI0_IRQHandler
                0x0000000008000cdc                I2C2_EV_IRQHandler
                0x0000000008000cdc                DMA1_Stream2_IRQHandler
                0x0000000008000cdc                CAN1_RX0_IRQHandler
                0x0000000008000cdc                FPU_IRQHandler
                0x0000000008000cdc                OTG_HS_WKUP_IRQHandler
                0x0000000008000cdc                LTDC_ER_IRQHandler
                0x0000000008000cdc                CAN2_SCE_IRQHandler
                0x0000000008000cdc                DMA2_Stream2_IRQHandler
                0x0000000008000cdc                SPI1_IRQHandler
                0x0000000008000cdc                TIM6_DAC_IRQHandler
                0x0000000008000cdc                TIM1_BRK_TIM9_IRQHandler
                0x0000000008000cdc                DCMI_IRQHandler
                0x0000000008000cdc                CAN2_RX0_IRQHandler
                0x0000000008000cdc                DMA2_Stream3_IRQHandler
                0x0000000008000cdc                USART6_IRQHandler
                0x0000000008000cdc                USART3_IRQHandler
                0x0000000008000cdc                CAN1_RX1_IRQHandler
                0x0000000008000cdc                UART5_IRQHandler
                0x0000000008000cdc                DMA2_Stream0_IRQHandler
                0x0000000008000cdc                TIM4_IRQHandler
                0x0000000008000cdc                I2C1_EV_IRQHandler
                0x0000000008000cdc                DMA1_Stream6_IRQHandler
                0x0000000008000cdc                DMA1_Stream1_IRQHandler
                0x0000000008000cdc                UART4_IRQHandler
                0x0000000008000cdc                TIM3_IRQHandler
                0x0000000008000cdc                RCC_IRQHandler
                0x0000000008000cdc                TIM8_BRK_TIM12_IRQHandler
                0x0000000008000cdc                Default_Handler
                0x0000000008000cdc                EXTI15_10_IRQHandler
                0x0000000008000cdc                ADC_IRQHandler
                0x0000000008000cdc                DMA1_Stream7_IRQHandler
                0x0000000008000cdc                SPI5_IRQHandler
                0x0000000008000cdc                TIM7_IRQHandler
                0x0000000008000cdc                CAN2_TX_IRQHandler
                0x0000000008000cdc                TIM5_IRQHandler
                0x0000000008000cdc                DMA2_Stream7_IRQHandler
                0x0000000008000cdc                I2C3_EV_IRQHandler
                0x0000000008000cdc                EXTI9_5_IRQHandler
                0x0000000008000cdc                RTC_WKUP_IRQHandler
                0x0000000008000cdc                LTDC_IRQHandler
                0x0000000008000cdc                ETH_WKUP_IRQHandler
                0x0000000008000cdc                SPI2_IRQHandler
                0x0000000008000cdc                OTG_HS_EP1_IN_IRQHandler
                0x0000000008000cdc                DMA1_Stream0_IRQHandler
                0x0000000008000cdc                CAN1_TX_IRQHandler
                0x0000000008000cdc                EXTI4_IRQHandler
                0x0000000008000cdc                ETH_IRQHandler
                0x0000000008000cdc                OTG_HS_EP1_OUT_IRQHandler
                0x0000000008000cdc                WWDG_IRQHandler
                0x0000000008000cdc                SPI6_IRQHandler
                0x0000000008000cdc                TIM2_IRQHandler
                0x0000000008000cdc                OTG_FS_WKUP_IRQHandler
                0x0000000008000cdc                TIM1_TRG_COM_TIM11_IRQHandler
                0x0000000008000cdc                OTG_HS_IRQHandler
                0x0000000008000cdc                DMA2D_IRQHandler
                0x0000000008000cdc                EXTI1_IRQHandler
                0x0000000008000cdc                UART7_IRQHandler
                0x0000000008000cdc                USART2_IRQHandler
                0x0000000008000cdc                I2C2_ER_IRQHandler
                0x0000000008000cdc                DMA2_Stream1_IRQHandler
                0x0000000008000cdc                CAN1_SCE_IRQHandler
                0x0000000008000cdc                FLASH_IRQHandler
                0x0000000008000cdc                DMA2_Stream4_IRQHandler
                0x0000000008000cdc                USART1_IRQHandler
                0x0000000008000cdc                OTG_FS_IRQHandler
                0x0000000008000cdc                SPI3_IRQHandler
                0x0000000008000cdc                DMA1_Stream4_IRQHandler
                0x0000000008000cdc                I2C1_ER_IRQHandler
                0x0000000008000cdc                FMC_IRQHandler
                0x0000000008000cdc                DMA2_Stream6_IRQHandler
                0x0000000008000cdc                SAI1_IRQHandler
                0x0000000008000cdc                DMA1_Stream3_IRQHandler
 *fill*         0x0000000008000cde        0x2 
 .text.HAL_Init
                0x0000000008000ce0       0x44 Drivers/STM32F4xx_HAL_Driver/Src/stm32f4xx_hal.o
                0x0000000008000ce0                HAL_Init
 .text.HAL_InitTick
                0x0000000008000d24       0x60 Drivers/STM32F4xx_HAL_Driver/Src/stm32f4xx_hal.o
                0x0000000008000d24                HAL_InitTick
 .text.HAL_IncTick
                0x0000000008000d84       0x28 Drivers/STM32F4xx_HAL_Driver/Src/stm32f4xx_hal.o
                0x0000000008000d84                HAL_IncTick
 .text.HAL_GetTick
                0x0000000008000dac       0x18 Drivers/STM32F4xx_HAL_Driver/Src/stm32f4xx_hal.o
                0x0000000008000dac                HAL_GetTick
 .text.HAL_Delay
                0x0000000008000dc4       0x44 Drivers/STM32F4xx_HAL_Driver/Src/stm32f4xx_hal.o
                0x0000000008000dc4                HAL_Delay
 .text.__NVIC_SetPriorityGrouping
                0x0000000008000e08       0x48 Drivers/STM32F4xx_HAL_Driver/Src/stm32f4xx_hal_cortex.o
 .text.__NVIC_GetPriorityGrouping
                0x0000000008000e50       0x1c Drivers/STM32F4xx_HAL_Driver/Src/stm32f4xx_hal_cortex.o
 .text.__NVIC_SetPriority
                0x0000000008000e6c       0x54 Drivers/STM32F4xx_HAL_Driver/Src/stm32f4xx_hal_cortex.o
 .text.NVIC_EncodePriority
                0x0000000008000ec0       0x66 Drivers/STM32F4xx_HAL_Driver/Src/stm32f4xx_hal_cortex.o
 *fill*         0x0000000008000f26        0x2 
 .text.SysTick_Config
                0x0000000008000f28       0x44 Drivers/STM32F4xx_HAL_Driver/Src/stm32f4xx_hal_cortex.o
 .text.HAL_NVIC_SetPriorityGrouping
                0x0000000008000f6c       0x16 Drivers/STM32F4xx_HAL_Driver/Src/stm32f4xx_hal_cortex.o
                0x0000000008000f6c                HAL_NVIC_SetPriorityGrouping
 .text.HAL_NVIC_SetPriority
                0x0000000008000f82       0x38 Drivers/STM32F4xx_HAL_Driver/Src/stm32f4xx_hal_cortex.o
                0x0000000008000f82                HAL_NVIC_SetPriority
 .text.HAL_SYSTICK_Config
                0x0000000008000fba       0x18 Drivers/STM32F4xx_HAL_Driver/Src/stm32f4xx_hal_cortex.o
                0x0000000008000fba                HAL_SYSTICK_Config
 *fill*         0x0000000008000fd2        0x2 
 .text.HAL_GPIO_Init
                0x0000000008000fd4      0x354 Drivers/STM32F4xx_HAL_Driver/Src/stm32f4xx_hal_gpio.o
                0x0000000008000fd4                HAL_GPIO_Init
 .text.HAL_NAND_Init
                0x0000000008001328       0x9c Drivers/STM32F4xx_HAL_Driver/Src/stm32f4xx_hal_nand.o
                0x0000000008001328                HAL_NAND_Init
 .text.HAL_NAND_Read_ID
                0x00000000080013c4       0xf4 Drivers/STM32F4xx_HAL_Driver/Src/stm32f4xx_hal_nand.o
                0x00000000080013c4                HAL_NAND_Read_ID
 .text.HAL_NAND_Read_Page_8b
                0x00000000080014b8      0x24c Drivers/STM32F4xx_HAL_Driver/Src/stm32f4xx_hal_nand.o
                0x00000000080014b8                HAL_NAND_Read_Page_8b
 .text.HAL_NAND_Write_Page_8b
                0x0000000008001704      0x246 Drivers/STM32F4xx_HAL_Driver/Src/stm32f4xx_hal_nand.o
                0x0000000008001704                HAL_NAND_Write_Page_8b
 .text.HAL_NAND_Erase_Block
                0x000000000800194a      0x14e Drivers/STM32F4xx_HAL_Driver/Src/stm32f4xx_hal_nand.o
                0x000000000800194a                HAL_NAND_Erase_Block
 .text.HAL_NAND_Read_Status
                0x0000000008001a98       0x62 Drivers/STM32F4xx_HAL_Driver/Src/stm32f4xx_hal_nand.o
                0x0000000008001a98                HAL_NAND_Read_Status
 *fill*         0x0000000008001afa        0x2 
 .text.HAL_RCC_OscConfig
                0x0000000008001afc      0x484 Drivers/STM32F4xx_HAL_Driver/Src/stm32f4xx_hal_rcc.o
                0x0000000008001afc                HAL_RCC_OscConfig
 .text.HAL_RCC_ClockConfig
                0x0000000008001f80      0x1c4 Drivers/STM32F4xx_HAL_Driver/Src/stm32f4xx_hal_rcc.o
                0x0000000008001f80                HAL_RCC_ClockConfig
 .text.HAL_RCC_GetSysClockFreq
                0x0000000008002144      0x164 Drivers/STM32F4xx_HAL_Driver/Src/stm32f4xx_hal_rcc.o
                0x0000000008002144                HAL_RCC_GetSysClockFreq
 .text.HAL_RCC_GetHCLKFreq
                0x00000000080022a8       0x18 Drivers/STM32F4xx_HAL_Driver/Src/stm32f4xx_hal_rcc.o
                0x00000000080022a8                HAL_RCC_GetHCLKFreq
 .text.HAL_RCC_GetPCLK1Freq
                0x00000000080022c0       0x28 Drivers/STM32F4xx_HAL_Driver/Src/stm32f4xx_hal_rcc.o
                0x00000000080022c0                HAL_RCC_GetPCLK1Freq
 .text.HAL_RCC_GetPCLK2Freq
                0x00000000080022e8       0x28 Drivers/STM32F4xx_HAL_Driver/Src/stm32f4xx_hal_rcc.o
                0x00000000080022e8                HAL_RCC_GetPCLK2Freq
 .text.HAL_UART_Init
                0x0000000008002310       0x9a Drivers/STM32F4xx_HAL_Driver/Src/stm32f4xx_hal_uart.o
                0x0000000008002310                HAL_UART_Init
 .text.HAL_UART_Transmit
                0x00000000080023aa      0x132 Drivers/STM32F4xx_HAL_Driver/Src/stm32f4xx_hal_uart.o
                0x00000000080023aa                HAL_UART_Transmit
 .text.UART_WaitOnFlagUntilTimeout
                0x00000000080024dc       0x94 Drivers/STM32F4xx_HAL_Driver/Src/stm32f4xx_hal_uart.o
 .text.UART_SetConfig
                0x0000000008002570      0x414 Drivers/STM32F4xx_HAL_Driver/Src/stm32f4xx_hal_uart.o
 .text.FMC_NAND_Init
                0x0000000008002984       0x84 Drivers/STM32F4xx_HAL_Driver/Src/stm32f4xx_ll_fmc.o
                0x0000000008002984                FMC_NAND_Init
 .text.FMC_NAND_CommonSpace_Timing_Init
                0x0000000008002a08       0x6c Drivers/STM32F4xx_HAL_Driver/Src/stm32f4xx_ll_fmc.o
                0x0000000008002a08                FMC_NAND_CommonSpace_Timing_Init
 .text.FMC_NAND_AttributeSpace_Timing_Init
                0x0000000008002a74       0x6c Drivers/STM32F4xx_HAL_Driver/Src/stm32f4xx_ll_fmc.o
                0x0000000008002a74                FMC_NAND_AttributeSpace_Timing_Init
 .text.__libc_init_array
                0x0000000008002ae0       0x48 c:/st/stm32cubeide_1.1.0/stm32cubeide/plugins/com.st.stm32cube.ide.mcu.externaltools.gnu-tools-for-stm32.7-2018-q2-update.win32_1.0.0.201904181610/tools/bin/../lib/gcc/arm-none-eabi/7.3.1/../../../../arm-none-eabi/lib/thumb/v7e-m/fpv4-sp/hard\libc_nano.a(lib_a-init.o)
                0x0000000008002ae0                __libc_init_array
 .text.memset   0x0000000008002b28       0x10 c:/st/stm32cubeide_1.1.0/stm32cubeide/plugins/com.st.stm32cube.ide.mcu.externaltools.gnu-tools-for-stm32.7-2018-q2-update.win32_1.0.0.201904181610/tools/bin/../lib/gcc/arm-none-eabi/7.3.1/../../../../arm-none-eabi/lib/thumb/v7e-m/fpv4-sp/hard\libc_nano.a(lib_a-memset.o)
                0x0000000008002b28                memset
 *(.glue_7)
 .glue_7        0x0000000008002b38        0x0 linker stubs
 *(.glue_7t)
 .glue_7t       0x0000000008002b38        0x0 linker stubs
 *(.eh_frame)
 .eh_frame      0x0000000008002b38        0x0 c:/st/stm32cubeide_1.1.0/stm32cubeide/plugins/com.st.stm32cube.ide.mcu.externaltools.gnu-tools-for-stm32.7-2018-q2-update.win32_1.0.0.201904181610/tools/bin/../lib/gcc/arm-none-eabi/7.3.1/thumb/v7e-m/fpv4-sp/hard/crtbegin.o
 *(.init)
 .init          0x0000000008002b38        0x4 c:/st/stm32cubeide_1.1.0/stm32cubeide/plugins/com.st.stm32cube.ide.mcu.externaltools.gnu-tools-for-stm32.7-2018-q2-update.win32_1.0.0.201904181610/tools/bin/../lib/gcc/arm-none-eabi/7.3.1/thumb/v7e-m/fpv4-sp/hard/crti.o
                0x0000000008002b38                _init
 .init          0x0000000008002b3c        0x8 c:/st/stm32cubeide_1.1.0/stm32cubeide/plugins/com.st.stm32cube.ide.mcu.externaltools.gnu-tools-for-stm32.7-2018-q2-update.win32_1.0.0.201904181610/tools/bin/../lib/gcc/arm-none-eabi/7.3.1/thumb/v7e-m/fpv4-sp/hard/crtn.o
 *(.fini)
 .fini          0x0000000008002b44        0x4 c:/st/stm32cubeide_1.1.0/stm32cubeide/plugins/com.st.stm32cube.ide.mcu.externaltools.gnu-tools-for-stm32.7-2018-q2-update.win32_1.0.0.201904181610/tools/bin/../lib/gcc/arm-none-eabi/7.3.1/thumb/v7e-m/fpv4-sp/hard/crti.o
                0x0000000008002b44                _fini
 .fini          0x0000000008002b48        0x8 c:/st/stm32cubeide_1.1.0/stm32cubeide/plugins/com.st.stm32cube.ide.mcu.externaltools.gnu-tools-for-stm32.7-2018-q2-update.win32_1.0.0.201904181610/tools/bin/../lib/gcc/arm-none-eabi/7.3.1/thumb/v7e-m/fpv4-sp/hard/crtn.o
                0x0000000008002b50                . = ALIGN (0x4)
                0x0000000008002b50                _etext = .

.vfp11_veneer   0x0000000008002b50        0x0
 .vfp11_veneer  0x0000000008002b50        0x0 linker stubs

.v4_bx          0x0000000008002b50        0x0
 .v4_bx         0x0000000008002b50        0x0 linker stubs

.iplt           0x0000000008002b50        0x0
 .iplt          0x0000000008002b50        0x0 c:/st/stm32cubeide_1.1.0/stm32cubeide/plugins/com.st.stm32cube.ide.mcu.externaltools.gnu-tools-for-stm32.7-2018-q2-update.win32_1.0.0.201904181610/tools/bin/../lib/gcc/arm-none-eabi/7.3.1/thumb/v7e-m/fpv4-sp/hard/crtbegin.o

.rodata         0x0000000008002b50       0x18
                0x0000000008002b50                . = ALIGN (0x4)
 *(.rodata)
 *(.rodata*)
 .rodata.AHBPrescTable
                0x0000000008002b50       0x10 Core/Src/system_stm32f4xx.o
                0x0000000008002b50                AHBPrescTable
 .rodata.APBPrescTable
                0x0000000008002b60        0x8 Core/Src/system_stm32f4xx.o
                0x0000000008002b60                APBPrescTable
                0x0000000008002b68                . = ALIGN (0x4)

.ARM.extab      0x0000000008002b68        0x0
                0x0000000008002b68                . = ALIGN (0x4)
 *(.ARM.extab* .gnu.linkonce.armextab.*)
                0x0000000008002b68                . = ALIGN (0x4)

.ARM            0x0000000008002b68        0x8
                0x0000000008002b68                . = ALIGN (0x4)
                0x0000000008002b68                __exidx_start = .
 *(.ARM.exidx*)
 .ARM.exidx     0x0000000008002b68        0x8 c:/st/stm32cubeide_1.1.0/stm32cubeide/plugins/com.st.stm32cube.ide.mcu.externaltools.gnu-tools-for-stm32.7-2018-q2-update.win32_1.0.0.201904181610/tools/bin/../lib/gcc/arm-none-eabi/7.3.1/thumb/v7e-m/fpv4-sp/hard\libgcc.a(_udivmoddi4.o)
                0x0000000008002b70                __exidx_end = .
                0x0000000008002b70                . = ALIGN (0x4)

.rel.dyn        0x0000000008002b70        0x0
 .rel.iplt      0x0000000008002b70        0x0 c:/st/stm32cubeide_1.1.0/stm32cubeide/plugins/com.st.stm32cube.ide.mcu.externaltools.gnu-tools-for-stm32.7-2018-q2-update.win32_1.0.0.201904181610/tools/bin/../lib/gcc/arm-none-eabi/7.3.1/thumb/v7e-m/fpv4-sp/hard/crtbegin.o

.preinit_array  0x0000000008002b70        0x0
                0x0000000008002b70                . = ALIGN (0x4)
                0x0000000008002b70                PROVIDE (__preinit_array_start = .)
 *(.preinit_array*)
                0x0000000008002b70                PROVIDE (__preinit_array_end = .)
                0x0000000008002b70                . = ALIGN (0x4)

.init_array     0x0000000008002b70        0x4
                0x0000000008002b70                . = ALIGN (0x4)
                0x0000000008002b70                PROVIDE (__init_array_start = .)
 *(SORT_BY_NAME(.init_array.*))
 *(.init_array*)
 .init_array    0x0000000008002b70        0x4 c:/st/stm32cubeide_1.1.0/stm32cubeide/plugins/com.st.stm32cube.ide.mcu.externaltools.gnu-tools-for-stm32.7-2018-q2-update.win32_1.0.0.201904181610/tools/bin/../lib/gcc/arm-none-eabi/7.3.1/thumb/v7e-m/fpv4-sp/hard/crtbegin.o
                0x0000000008002b74                PROVIDE (__init_array_end = .)
                0x0000000008002b74                . = ALIGN (0x4)

.fini_array     0x0000000008002b74        0x4
                0x0000000008002b74                . = ALIGN (0x4)
                [!provide]                        PROVIDE (__fini_array_start = .)
 *(SORT_BY_NAME(.fini_array.*))
 *(.fini_array*)
 .fini_array    0x0000000008002b74        0x4 c:/st/stm32cubeide_1.1.0/stm32cubeide/plugins/com.st.stm32cube.ide.mcu.externaltools.gnu-tools-for-stm32.7-2018-q2-update.win32_1.0.0.201904181610/tools/bin/../lib/gcc/arm-none-eabi/7.3.1/thumb/v7e-m/fpv4-sp/hard/crtbegin.o
                [!provide]                        PROVIDE (__fini_array_end = .)
                0x0000000008002b78                . = ALIGN (0x4)
                0x0000000008002b78                _sidata = LOADADDR (.data)

.data           0x0000000020000000        0xc load address 0x0000000008002b78
                0x0000000020000000                . = ALIGN (0x4)
                0x0000000020000000                _sdata = .
 *(.data)
 *(.data*)
 .data.SystemCoreClock
                0x0000000020000000        0x4 Core/Src/system_stm32f4xx.o
                0x0000000020000000                SystemCoreClock
 .data.uwTickPrio
                0x0000000020000004        0x4 Drivers/STM32F4xx_HAL_Driver/Src/stm32f4xx_hal.o
                0x0000000020000004                uwTickPrio
 .data.uwTickFreq
                0x0000000020000008        0x1 Drivers/STM32F4xx_HAL_Driver/Src/stm32f4xx_hal.o
                0x0000000020000008                uwTickFreq
                0x000000002000000c                . = ALIGN (0x4)
 *fill*         0x0000000020000009        0x3 
                0x000000002000000c                _edata = .

.igot.plt       0x000000002000000c        0x0 load address 0x0000000008002b84
 .igot.plt      0x000000002000000c        0x0 c:/st/stm32cubeide_1.1.0/stm32cubeide/plugins/com.st.stm32cube.ide.mcu.externaltools.gnu-tools-for-stm32.7-2018-q2-update.win32_1.0.0.201904181610/tools/bin/../lib/gcc/arm-none-eabi/7.3.1/thumb/v7e-m/fpv4-sp/hard/crtbegin.o
                0x000000002000000c                . = ALIGN (0x4)

.bss            0x000000002000000c      0x908 load address 0x0000000008002b84
                0x000000002000000c                _sbss = .
                0x000000002000000c                __bss_start__ = _sbss
 *(.bss)
 .bss           0x000000002000000c       0x1c c:/st/stm32cubeide_1.1.0/stm32cubeide/plugins/com.st.stm32cube.ide.mcu.externaltools.gnu-tools-for-stm32.7-2018-q2-update.win32_1.0.0.201904181610/tools/bin/../lib/gcc/arm-none-eabi/7.3.1/thumb/v7e-m/fpv4-sp/hard/crtbegin.o
 *(.bss*)
 .bss.huart1    0x0000000020000028       0x40 Core/Src/main.o
 .bss.hNAND     0x0000000020000068       0x40 Core/Src/main.o
 .bss.NAND_ComTiming
                0x00000000200000a8       0x10 Core/Src/main.o
 .bss.NAND_AttTiming
                0x00000000200000b8       0x10 Core/Src/main.o
 .bss.NAND_ID   0x00000000200000c8        0x4 Core/Src/main.o
 .bss.aTxBuffer
                0x00000000200000cc        0x0 Core/Src/main.o
                0x00000000200000cc                aTxBuffer
 .bss.aRxBuffer
                0x00000000200000cc        0x0 Core/Src/main.o
                0x00000000200000cc                aRxBuffer
 .bss.temp      0x00000000200000cc        0x0 Core/Src/main.o
                0x00000000200000cc                temp
 .bss.temp1     0x00000000200000cc      0x800 Core/Src/main.o
                0x00000000200000cc                temp1
 .bss.FMC_Initialized
                0x00000000200008cc        0x4 Core/Src/stm32f4xx_hal_msp.o
 *(COMMON)
 COMMON         0x00000000200008d0       0x40 Core/Src/main.o
                0x00000000200008d0                hnand1
 COMMON         0x0000000020000910        0x4 Drivers/STM32F4xx_HAL_Driver/Src/stm32f4xx_hal.o
                0x0000000020000910                uwTick
                0x0000000020000914                . = ALIGN (0x4)
                0x0000000020000914                _ebss = .
                0x0000000020000914                __bss_end__ = _ebss

._user_heap_stack
                0x0000000020000914      0x604 load address 0x0000000008002b84
                0x0000000020000918                . = ALIGN (0x8)
 *fill*         0x0000000020000914        0x4 
                0x0000000020000918                PROVIDE (end = .)
                [!provide]                        PROVIDE (_end = .)
                0x0000000020000b18                . = (. + _Min_Heap_Size)
 *fill*         0x0000000020000918      0x200 
                0x0000000020000f18                . = (. + _Min_Stack_Size)
 *fill*         0x0000000020000b18      0x400 
                0x0000000020000f18                . = ALIGN (0x8)

/DISCARD/
 libc.a(*)
 libm.a(*)
 libgcc.a(*)

.ARM.attributes
                0x0000000000000000       0x30
 *(.ARM.attributes)
 .ARM.attributes
                0x0000000000000000       0x22 c:/st/stm32cubeide_1.1.0/stm32cubeide/plugins/com.st.stm32cube.ide.mcu.externaltools.gnu-tools-for-stm32.7-2018-q2-update.win32_1.0.0.201904181610/tools/bin/../lib/gcc/arm-none-eabi/7.3.1/thumb/v7e-m/fpv4-sp/hard/crti.o
 .ARM.attributes
                0x0000000000000022       0x34 c:/st/stm32cubeide_1.1.0/stm32cubeide/plugins/com.st.stm32cube.ide.mcu.externaltools.gnu-tools-for-stm32.7-2018-q2-update.win32_1.0.0.201904181610/tools/bin/../lib/gcc/arm-none-eabi/7.3.1/thumb/v7e-m/fpv4-sp/hard/crtbegin.o
 .ARM.attributes
                0x0000000000000056       0x39 Core/Src/main.o
 .ARM.attributes
                0x000000000000008f       0x39 Core/Src/stm32f4xx_hal_msp.o
 .ARM.attributes
                0x00000000000000c8       0x39 Core/Src/stm32f4xx_it.o
 .ARM.attributes
                0x0000000000000101       0x39 Core/Src/system_stm32f4xx.o
 .ARM.attributes
                0x000000000000013a       0x21 Core/Startup/startup_stm32f429zitx.o
 .ARM.attributes
                0x000000000000015b       0x39 Drivers/STM32F4xx_HAL_Driver/Src/stm32f4xx_hal.o
 .ARM.attributes
                0x0000000000000194       0x39 Drivers/STM32F4xx_HAL_Driver/Src/stm32f4xx_hal_cortex.o
 .ARM.attributes
                0x00000000000001cd       0x39 Drivers/STM32F4xx_HAL_Driver/Src/stm32f4xx_hal_gpio.o
 .ARM.attributes
                0x0000000000000206       0x39 Drivers/STM32F4xx_HAL_Driver/Src/stm32f4xx_hal_nand.o
 .ARM.attributes
                0x000000000000023f       0x39 Drivers/STM32F4xx_HAL_Driver/Src/stm32f4xx_hal_rcc.o
 .ARM.attributes
                0x0000000000000278       0x39 Drivers/STM32F4xx_HAL_Driver/Src/stm32f4xx_hal_uart.o
 .ARM.attributes
                0x00000000000002b1       0x39 Drivers/STM32F4xx_HAL_Driver/Src/stm32f4xx_ll_fmc.o
 .ARM.attributes
                0x00000000000002ea       0x34 c:/st/stm32cubeide_1.1.0/stm32cubeide/plugins/com.st.stm32cube.ide.mcu.externaltools.gnu-tools-for-stm32.7-2018-q2-update.win32_1.0.0.201904181610/tools/bin/../lib/gcc/arm-none-eabi/7.3.1/../../../../arm-none-eabi/lib/thumb/v7e-m/fpv4-sp/hard\libc_nano.a(lib_a-init.o)
 .ARM.attributes
                0x000000000000031e       0x34 c:/st/stm32cubeide_1.1.0/stm32cubeide/plugins/com.st.stm32cube.ide.mcu.externaltools.gnu-tools-for-stm32.7-2018-q2-update.win32_1.0.0.201904181610/tools/bin/../lib/gcc/arm-none-eabi/7.3.1/../../../../arm-none-eabi/lib/thumb/v7e-m/fpv4-sp/hard\libc_nano.a(lib_a-memset.o)
 .ARM.attributes
                0x0000000000000352       0x1b c:/st/stm32cubeide_1.1.0/stm32cubeide/plugins/com.st.stm32cube.ide.mcu.externaltools.gnu-tools-for-stm32.7-2018-q2-update.win32_1.0.0.201904181610/tools/bin/../lib/gcc/arm-none-eabi/7.3.1/../../../../arm-none-eabi/lib/thumb/v7e-m/fpv4-sp/hard\libc_nano.a(lib_a-strlen.o)
 .ARM.attributes
                0x000000000000036d       0x22 c:/st/stm32cubeide_1.1.0/stm32cubeide/plugins/com.st.stm32cube.ide.mcu.externaltools.gnu-tools-for-stm32.7-2018-q2-update.win32_1.0.0.201904181610/tools/bin/../lib/gcc/arm-none-eabi/7.3.1/thumb/v7e-m/fpv4-sp/hard\libgcc.a(_aeabi_uldivmod.o)
 .ARM.attributes
                0x000000000000038f       0x34 c:/st/stm32cubeide_1.1.0/stm32cubeide/plugins/com.st.stm32cube.ide.mcu.externaltools.gnu-tools-for-stm32.7-2018-q2-update.win32_1.0.0.201904181610/tools/bin/../lib/gcc/arm-none-eabi/7.3.1/thumb/v7e-m/fpv4-sp/hard\libgcc.a(_udivmoddi4.o)
 .ARM.attributes
                0x00000000000003c3       0x22 c:/st/stm32cubeide_1.1.0/stm32cubeide/plugins/com.st.stm32cube.ide.mcu.externaltools.gnu-tools-for-stm32.7-2018-q2-update.win32_1.0.0.201904181610/tools/bin/../lib/gcc/arm-none-eabi/7.3.1/thumb/v7e-m/fpv4-sp/hard\libgcc.a(_dvmd_tls.o)
 .ARM.attributes
                0x00000000000003e5       0x22 c:/st/stm32cubeide_1.1.0/stm32cubeide/plugins/com.st.stm32cube.ide.mcu.externaltools.gnu-tools-for-stm32.7-2018-q2-update.win32_1.0.0.201904181610/tools/bin/../lib/gcc/arm-none-eabi/7.3.1/thumb/v7e-m/fpv4-sp/hard/crtn.o
OUTPUT(UartTest.elf elf32-littlearm)

.debug_info     0x0000000000000000     0x78fe
 .debug_info    0x0000000000000000      0xf03 Core/Src/main.o
 .debug_info    0x0000000000000f03      0xc13 Core/Src/stm32f4xx_hal_msp.o
 .debug_info    0x0000000000001b16      0x1b3 Core/Src/stm32f4xx_it.o
 .debug_info    0x0000000000001cc9      0x51c Core/Src/system_stm32f4xx.o
 .debug_info    0x00000000000021e5       0x22 Core/Startup/startup_stm32f429zitx.o
 .debug_info    0x0000000000002207      0x995 Drivers/STM32F4xx_HAL_Driver/Src/stm32f4xx_hal.o
 .debug_info    0x0000000000002b9c      0xe0c Drivers/STM32F4xx_HAL_Driver/Src/stm32f4xx_hal_cortex.o
 .debug_info    0x00000000000039a8      0x77d Drivers/STM32F4xx_HAL_Driver/Src/stm32f4xx_hal_gpio.o
 .debug_info    0x0000000000004125      0xe8d Drivers/STM32F4xx_HAL_Driver/Src/stm32f4xx_hal_nand.o
 .debug_info    0x0000000000004fb2      0x8be Drivers/STM32F4xx_HAL_Driver/Src/stm32f4xx_hal_rcc.o
 .debug_info    0x0000000000005870     0x11d5 Drivers/STM32F4xx_HAL_Driver/Src/stm32f4xx_hal_uart.o
 .debug_info    0x0000000000006a45      0xeb9 Drivers/STM32F4xx_HAL_Driver/Src/stm32f4xx_ll_fmc.o

.debug_abbrev   0x0000000000000000     0x143d
 .debug_abbrev  0x0000000000000000      0x24d Core/Src/main.o
 .debug_abbrev  0x000000000000024d      0x1ba Core/Src/stm32f4xx_hal_msp.o
 .debug_abbrev  0x0000000000000407       0xac Core/Src/stm32f4xx_it.o
 .debug_abbrev  0x00000000000004b3      0x111 Core/Src/system_stm32f4xx.o
 .debug_abbrev  0x00000000000005c4       0x12 Core/Startup/startup_stm32f429zitx.o
 .debug_abbrev  0x00000000000005d6      0x1cb Drivers/STM32F4xx_HAL_Driver/Src/stm32f4xx_hal.o
 .debug_abbrev  0x00000000000007a1      0x2fa Drivers/STM32F4xx_HAL_Driver/Src/stm32f4xx_hal_cortex.o
 .debug_abbrev  0x0000000000000a9b      0x1c9 Drivers/STM32F4xx_HAL_Driver/Src/stm32f4xx_hal_gpio.o
 .debug_abbrev  0x0000000000000c64      0x1c6 Drivers/STM32F4xx_HAL_Driver/Src/stm32f4xx_hal_nand.o
 .debug_abbrev  0x0000000000000e2a      0x245 Drivers/STM32F4xx_HAL_Driver/Src/stm32f4xx_hal_rcc.o
 .debug_abbrev  0x000000000000106f      0x242 Drivers/STM32F4xx_HAL_Driver/Src/stm32f4xx_hal_uart.o
 .debug_abbrev  0x00000000000012b1      0x18c Drivers/STM32F4xx_HAL_Driver/Src/stm32f4xx_ll_fmc.o

.debug_aranges  0x0000000000000000      0x7e0
 .debug_aranges
                0x0000000000000000       0x50 Core/Src/main.o
 .debug_aranges
                0x0000000000000050       0x50 Core/Src/stm32f4xx_hal_msp.o
 .debug_aranges
                0x00000000000000a0       0x60 Core/Src/stm32f4xx_it.o
 .debug_aranges
                0x0000000000000100       0x28 Core/Src/system_stm32f4xx.o
 .debug_aranges
                0x0000000000000128       0x28 Core/Startup/startup_stm32f429zitx.o
 .debug_aranges
                0x0000000000000150      0x100 Drivers/STM32F4xx_HAL_Driver/Src/stm32f4xx_hal.o
 .debug_aranges
                0x0000000000000250      0x118 Drivers/STM32F4xx_HAL_Driver/Src/stm32f4xx_hal_cortex.o
 .debug_aranges
                0x0000000000000368       0x58 Drivers/STM32F4xx_HAL_Driver/Src/stm32f4xx_hal_gpio.o
 .debug_aranges
                0x00000000000003c0       0xd8 Drivers/STM32F4xx_HAL_Driver/Src/stm32f4xx_hal_nand.o
 .debug_aranges
                0x0000000000000498       0x88 Drivers/STM32F4xx_HAL_Driver/Src/stm32f4xx_hal_rcc.o
 .debug_aranges
                0x0000000000000520      0x1d0 Drivers/STM32F4xx_HAL_Driver/Src/stm32f4xx_hal_uart.o
 .debug_aranges
                0x00000000000006f0       0xf0 Drivers/STM32F4xx_HAL_Driver/Src/stm32f4xx_ll_fmc.o

.debug_ranges   0x0000000000000000      0x728
 .debug_ranges  0x0000000000000000       0x40 Core/Src/main.o
 .debug_ranges  0x0000000000000040       0x40 Core/Src/stm32f4xx_hal_msp.o
 .debug_ranges  0x0000000000000080       0x50 Core/Src/stm32f4xx_it.o
 .debug_ranges  0x00000000000000d0       0x18 Core/Src/system_stm32f4xx.o
 .debug_ranges  0x00000000000000e8       0x20 Core/Startup/startup_stm32f429zitx.o
 .debug_ranges  0x0000000000000108       0xf0 Drivers/STM32F4xx_HAL_Driver/Src/stm32f4xx_hal.o
 .debug_ranges  0x00000000000001f8      0x108 Drivers/STM32F4xx_HAL_Driver/Src/stm32f4xx_hal_cortex.o
 .debug_ranges  0x0000000000000300       0x48 Drivers/STM32F4xx_HAL_Driver/Src/stm32f4xx_hal_gpio.o
 .debug_ranges  0x0000000000000348       0xc8 Drivers/STM32F4xx_HAL_Driver/Src/stm32f4xx_hal_nand.o
 .debug_ranges  0x0000000000000410       0x78 Drivers/STM32F4xx_HAL_Driver/Src/stm32f4xx_hal_rcc.o
 .debug_ranges  0x0000000000000488      0x1c0 Drivers/STM32F4xx_HAL_Driver/Src/stm32f4xx_hal_uart.o
 .debug_ranges  0x0000000000000648       0xe0 Drivers/STM32F4xx_HAL_Driver/Src/stm32f4xx_ll_fmc.o

.debug_macro    0x0000000000000000    0x22169
 .debug_macro   0x0000000000000000      0x1ee Core/Src/main.o
 .debug_macro   0x00000000000001ee      0xa5a Core/Src/main.o
 .debug_macro   0x0000000000000c48      0x18a Core/Src/main.o
 .debug_macro   0x0000000000000dd2       0x32 Core/Src/main.o
 .debug_macro   0x0000000000000e04       0x28 Core/Src/main.o
 .debug_macro   0x0000000000000e2c       0x22 Core/Src/main.o
 .debug_macro   0x0000000000000e4e       0x8e Core/Src/main.o
 .debug_macro   0x0000000000000edc       0x51 Core/Src/main.o
 .debug_macro   0x0000000000000f2d       0xef Core/Src/main.o
 .debug_macro   0x000000000000101c       0x6a Core/Src/main.o
 .debug_macro   0x0000000000001086      0x1df Core/Src/main.o
 .debug_macro   0x0000000000001265       0x1c Core/Src/main.o
 .debug_macro   0x0000000000001281       0x22 Core/Src/main.o
 .debug_macro   0x00000000000012a3       0xdf Core/Src/main.o
 .debug_macro   0x0000000000001382     0x102d Core/Src/main.o
 .debug_macro   0x00000000000023af      0x11f Core/Src/main.o
 .debug_macro   0x00000000000024ce    0x17f81 Core/Src/main.o
 .debug_macro   0x000000000001a44f       0x43 Core/Src/main.o
 .debug_macro   0x000000000001a492     0x3644 Core/Src/main.o
 .debug_macro   0x000000000001dad6      0x174 Core/Src/main.o
 .debug_macro   0x000000000001dc4a       0x5a Core/Src/main.o
 .debug_macro   0x000000000001dca4      0xca5 Core/Src/main.o
 .debug_macro   0x000000000001e949      0x9fe Core/Src/main.o
 .debug_macro   0x000000000001f347       0xed Core/Src/main.o
 .debug_macro   0x000000000001f434      0x117 Core/Src/main.o
 .debug_macro   0x000000000001f54b      0x157 Core/Src/main.o
 .debug_macro   0x000000000001f6a2       0x27 Core/Src/main.o
 .debug_macro   0x000000000001f6c9      0x287 Core/Src/main.o
 .debug_macro   0x000000000001f950       0x5f Core/Src/main.o
 .debug_macro   0x000000000001f9af      0x236 Core/Src/main.o
 .debug_macro   0x000000000001fbe5      0x132 Core/Src/main.o
 .debug_macro   0x000000000001fd17      0x41d Core/Src/main.o
 .debug_macro   0x0000000000020134       0x2e Core/Src/main.o
 .debug_macro   0x0000000000020162      0x582 Core/Src/main.o
 .debug_macro   0x00000000000206e4       0xe4 Core/Src/main.o
 .debug_macro   0x00000000000207c8      0x11a Core/Src/main.o
 .debug_macro   0x00000000000208e2       0xe2 Core/Src/main.o
 .debug_macro   0x00000000000209c4       0x89 Core/Src/main.o
 .debug_macro   0x0000000000020a4d      0x287 Core/Src/main.o
 .debug_macro   0x0000000000020cd4      0x134 Core/Src/main.o
 .debug_macro   0x0000000000020e08       0x3a Core/Src/main.o
 .debug_macro   0x0000000000020e42      0x1e2 Core/Src/stm32f4xx_hal_msp.o
 .debug_macro   0x0000000000021024      0x1ec Core/Src/stm32f4xx_it.o
 .debug_macro   0x0000000000021210      0x1d9 Core/Src/system_stm32f4xx.o
 .debug_macro   0x00000000000213e9      0x233 Drivers/STM32F4xx_HAL_Driver/Src/stm32f4xx_hal.o
 .debug_macro   0x000000000002161c      0x1d3 Drivers/STM32F4xx_HAL_Driver/Src/stm32f4xx_hal_cortex.o
 .debug_macro   0x00000000000217ef      0x209 Drivers/STM32F4xx_HAL_Driver/Src/stm32f4xx_hal_gpio.o
 .debug_macro   0x00000000000219f8      0x1d3 Drivers/STM32F4xx_HAL_Driver/Src/stm32f4xx_hal_nand.o
 .debug_macro   0x0000000000021bcb      0x1f7 Drivers/STM32F4xx_HAL_Driver/Src/stm32f4xx_hal_rcc.o
 .debug_macro   0x0000000000021dc2      0x1d4 Drivers/STM32F4xx_HAL_Driver/Src/stm32f4xx_hal_uart.o
 .debug_macro   0x0000000000021f96      0x1d3 Drivers/STM32F4xx_HAL_Driver/Src/stm32f4xx_ll_fmc.o

.debug_line     0x0000000000000000     0x69b4
 .debug_line    0x0000000000000000      0x807 Core/Src/main.o
 .debug_line    0x0000000000000807      0x756 Core/Src/stm32f4xx_hal_msp.o
 .debug_line    0x0000000000000f5d      0x762 Core/Src/stm32f4xx_it.o
 .debug_line    0x00000000000016bf      0x6df Core/Src/system_stm32f4xx.o
 .debug_line    0x0000000000001d9e       0x86 Core/Startup/startup_stm32f429zitx.o
 .debug_line    0x0000000000001e24      0x8e4 Drivers/STM32F4xx_HAL_Driver/Src/stm32f4xx_hal.o
 .debug_line    0x0000000000002708      0x9e7 Drivers/STM32F4xx_HAL_Driver/Src/stm32f4xx_hal_cortex.o
 .debug_line    0x00000000000030ef      0x8ca Drivers/STM32F4xx_HAL_Driver/Src/stm32f4xx_hal_gpio.o
 .debug_line    0x00000000000039b9      0xcf5 Drivers/STM32F4xx_HAL_Driver/Src/stm32f4xx_hal_nand.o
 .debug_line    0x00000000000046ae      0x907 Drivers/STM32F4xx_HAL_Driver/Src/stm32f4xx_hal_rcc.o
 .debug_line    0x0000000000004fb5      0xfba Drivers/STM32F4xx_HAL_Driver/Src/stm32f4xx_hal_uart.o
 .debug_line    0x0000000000005f6f      0xa45 Drivers/STM32F4xx_HAL_Driver/Src/stm32f4xx_ll_fmc.o

.debug_str      0x0000000000000000    0xd054f
 .debug_str     0x0000000000000000    0xce126 Core/Src/main.o
                                      0xce453 (size before relaxing)
 .debug_str     0x00000000000ce126      0x12c Core/Src/stm32f4xx_hal_msp.o
                                      0xce263 (size before relaxing)
 .debug_str     0x00000000000ce252       0xbd Core/Src/stm32f4xx_it.o
                                      0xcdb11 (size before relaxing)
 .debug_str     0x00000000000ce30f       0xc4 Core/Src/system_stm32f4xx.o
                                      0xcdb10 (size before relaxing)
 .debug_str     0x00000000000ce3d3       0x36 Core/Startup/startup_stm32f429zitx.o
                                         0x71 (size before relaxing)
 .debug_str     0x00000000000ce409      0xb7b Drivers/STM32F4xx_HAL_Driver/Src/stm32f4xx_hal.o
                                      0xce6f0 (size before relaxing)
 .debug_str     0x00000000000cef84      0x392 Drivers/STM32F4xx_HAL_Driver/Src/stm32f4xx_hal_cortex.o
                                      0xce41d (size before relaxing)
 .debug_str     0x00000000000cf316      0x223 Drivers/STM32F4xx_HAL_Driver/Src/stm32f4xx_hal_gpio.o
                                      0xcdd4f (size before relaxing)
 .debug_str     0x00000000000cf539      0x2ba Drivers/STM32F4xx_HAL_Driver/Src/stm32f4xx_hal_nand.o
                                      0xcdfbe (size before relaxing)
 .debug_str     0x00000000000cf7f3      0x24e Drivers/STM32F4xx_HAL_Driver/Src/stm32f4xx_hal_rcc.o
                                      0xcdef2 (size before relaxing)
 .debug_str     0x00000000000cfa41      0x51c Drivers/STM32F4xx_HAL_Driver/Src/stm32f4xx_hal_uart.o
                                      0xce330 (size before relaxing)
 .debug_str     0x00000000000cff5d      0x5f2 Drivers/STM32F4xx_HAL_Driver/Src/stm32f4xx_ll_fmc.o
                                      0xce152 (size before relaxing)

.comment        0x0000000000000000       0x7b
 .comment       0x0000000000000000       0x7b Core/Src/main.o
                                         0x7c (size before relaxing)
 .comment       0x000000000000007b       0x7c Core/Src/stm32f4xx_hal_msp.o
 .comment       0x000000000000007b       0x7c Core/Src/stm32f4xx_it.o
 .comment       0x000000000000007b       0x7c Core/Src/system_stm32f4xx.o
 .comment       0x000000000000007b       0x7c Drivers/STM32F4xx_HAL_Driver/Src/stm32f4xx_hal.o
 .comment       0x000000000000007b       0x7c Drivers/STM32F4xx_HAL_Driver/Src/stm32f4xx_hal_cortex.o
 .comment       0x000000000000007b       0x7c Drivers/STM32F4xx_HAL_Driver/Src/stm32f4xx_hal_gpio.o
 .comment       0x000000000000007b       0x7c Drivers/STM32F4xx_HAL_Driver/Src/stm32f4xx_hal_nand.o
 .comment       0x000000000000007b       0x7c Drivers/STM32F4xx_HAL_Driver/Src/stm32f4xx_hal_rcc.o
 .comment       0x000000000000007b       0x7c Drivers/STM32F4xx_HAL_Driver/Src/stm32f4xx_hal_uart.o
 .comment       0x000000000000007b       0x7c Drivers/STM32F4xx_HAL_Driver/Src/stm32f4xx_ll_fmc.o

.debug_frame    0x0000000000000000     0x1fd0
 .debug_frame   0x0000000000000000      0x100 Core/Src/main.o
 .debug_frame   0x0000000000000100      0x108 Core/Src/stm32f4xx_hal_msp.o
 .debug_frame   0x0000000000000208      0x10c Core/Src/stm32f4xx_it.o
 .debug_frame   0x0000000000000314       0x58 Core/Src/system_stm32f4xx.o
 .debug_frame   0x000000000000036c      0x3b4 Drivers/STM32F4xx_HAL_Driver/Src/stm32f4xx_hal.o
 .debug_frame   0x0000000000000720      0x498 Drivers/STM32F4xx_HAL_Driver/Src/stm32f4xx_hal_cortex.o
 .debug_frame   0x0000000000000bb8      0x14c Drivers/STM32F4xx_HAL_Driver/Src/stm32f4xx_hal_gpio.o
 .debug_frame   0x0000000000000d04      0x3b4 Drivers/STM32F4xx_HAL_Driver/Src/stm32f4xx_hal_nand.o
 .debug_frame   0x00000000000010b8      0x1f0 Drivers/STM32F4xx_HAL_Driver/Src/stm32f4xx_hal_rcc.o
 .debug_frame   0x00000000000012a8      0x83c Drivers/STM32F4xx_HAL_Driver/Src/stm32f4xx_hal_uart.o
 .debug_frame   0x0000000000001ae4      0x440 Drivers/STM32F4xx_HAL_Driver/Src/stm32f4xx_ll_fmc.o
 .debug_frame   0x0000000000001f24       0x2c c:/st/stm32cubeide_1.1.0/stm32cubeide/plugins/com.st.stm32cube.ide.mcu.externaltools.gnu-tools-for-stm32.7-2018-q2-update.win32_1.0.0.201904181610/tools/bin/../lib/gcc/arm-none-eabi/7.3.1/../../../../arm-none-eabi/lib/thumb/v7e-m/fpv4-sp/hard\libc_nano.a(lib_a-init.o)
 .debug_frame   0x0000000000001f50       0x20 c:/st/stm32cubeide_1.1.0/stm32cubeide/plugins/com.st.stm32cube.ide.mcu.externaltools.gnu-tools-for-stm32.7-2018-q2-update.win32_1.0.0.201904181610/tools/bin/../lib/gcc/arm-none-eabi/7.3.1/../../../../arm-none-eabi/lib/thumb/v7e-m/fpv4-sp/hard\libc_nano.a(lib_a-memset.o)
 .debug_frame   0x0000000000001f70       0x2c c:/st/stm32cubeide_1.1.0/stm32cubeide/plugins/com.st.stm32cube.ide.mcu.externaltools.gnu-tools-for-stm32.7-2018-q2-update.win32_1.0.0.201904181610/tools/bin/../lib/gcc/arm-none-eabi/7.3.1/thumb/v7e-m/fpv4-sp/hard\libgcc.a(_aeabi_uldivmod.o)
 .debug_frame   0x0000000000001f9c       0x34 c:/st/stm32cubeide_1.1.0/stm32cubeide/plugins/com.st.stm32cube.ide.mcu.externaltools.gnu-tools-for-stm32.7-2018-q2-update.win32_1.0.0.201904181610/tools/bin/../lib/gcc/arm-none-eabi/7.3.1/thumb/v7e-m/fpv4-sp/hard\libgcc.a(_udivmoddi4.o)
